Copyright 1986-2022 Xilinx, Inc. All Rights Reserved.
------------------------------------------------------------------------------------
| Tool Version : Vivado v.2022.2 (win64) Build 3671981 Fri Oct 14 05:00:03 MDT 2022
| Date         : Fri Sep 11 11:03:46 2026
| Host         : DESKTOP-3SST6QL running 64-bit major release  (build 9200)
| Command      : report_drc -file reports/drc.rpt
| Design       : lenet5_int8_wrapper
| Device       : xc7z020clg400-1
| Speed File   : -1
| Design State : Fully Routed
------------------------------------------------------------------------------------

Report DRC

Table of Contents
-----------------
1. REPORT SUMMARY
2. REPORT DETAILS

1. REPORT SUMMARY
-----------------
            Netlist: netlist
          Floorplan: impl_1
      Design limits: <entire design considered>
           Ruledeck: default
             Max violations: <unlimited>
             Violations found: 78
+-----------+----------+-------------------------------------------------------------------+------------+
| Rule      | Severity | Description                                                       | Violations |
+-----------+----------+-------------------------------------------------------------------+------------+
| DPIP-1    | Warning  | Input pipelining                                                  | 38         |
| DPOP-1    | Warning  | PREG Output pipelining                                            | 10         |
| DPOP-2    | Warning  | MREG Output pipelining                                            | 8          |
| PDCN-1569 | Warning  | LUT equation term check                                           | 3          |
| RTSTAT-10 | Warning  | No routable loads                                                 | 1          |
| AVAL-4    | Advisory | enum_USE_DPORT_FALSE_enum_DREG_ADREG_0_connects_CED_CEAD_RSTD_GND | 10         |
| AVAL-5    | Advisory | enum_USE_MULT_NONE_enum_DREG_ADREG_0_connects_CED_CEAD_RSTD_GND   | 7          |
| REQP-1725 | Advisory | DSP_Abus_sign_bit_alert                                           | 1          |
+-----------+----------+-------------------------------------------------------------------+------------+

2. REPORT DETAILS
-----------------
DPIP-1#1 Warning
Input pipelining  
DSP lenet5_int8_i/lenet5_top_int8_0/inst/grp_conv_c1_int8_fixedpoint_fu_1201/grp_conv_c1_int8_fixedpoint_Pipeline_VITIS_LOOP_100_24_fu_2398/mac_muladd_8s_8s_32s_32_4_1_U952/lenet5_top_int8_mac_muladd_8s_8s_32s_32_4_1_DSP48_2_U/p_reg_reg input lenet5_int8_i/lenet5_top_int8_0/inst/grp_conv_c1_int8_fixedpoint_fu_1201/grp_conv_c1_int8_fixedpoint_Pipeline_VITIS_LOOP_100_24_fu_2398/mac_muladd_8s_8s_32s_32_4_1_U952/lenet5_top_int8_mac_muladd_8s_8s_32s_32_4_1_DSP48_2_U/p_reg_reg/C[47:0] is not pipelined. Pipelining DSP48 input will improve performance.
Related violations: <none>

DPIP-1#2 Warning
Input pipelining  
DSP lenet5_int8_i/lenet5_top_int8_0/inst/grp_conv_c1_int8_fixedpoint_fu_1201/grp_conv_c1_int8_fixedpoint_Pipeline_VITIS_LOOP_100_24_fu_2398/mac_muladd_8s_8s_32s_32_4_1_U953/lenet5_top_int8_mac_muladd_8s_8s_32s_32_4_1_DSP48_2_U/p_reg_reg input lenet5_int8_i/lenet5_top_int8_0/inst/grp_conv_c1_int8_fixedpoint_fu_1201/grp_conv_c1_int8_fixedpoint_Pipeline_VITIS_LOOP_100_24_fu_2398/mac_muladd_8s_8s_32s_32_4_1_U953/lenet5_top_int8_mac_muladd_8s_8s_32s_32_4_1_DSP48_2_U/p_reg_reg/C[47:0] is not pipelined. Pipelining DSP48 input will improve performance.
Related violations: <none>

DPIP-1#3 Warning
Input pipelining  
DSP lenet5_int8_i/lenet5_top_int8_0/inst/grp_conv_c1_int8_fixedpoint_fu_1201/grp_conv_c1_int8_fixedpoint_Pipeline_VITIS_LOOP_100_24_fu_2398/mac_muladd_8s_8s_32s_32_4_1_U954/lenet5_top_int8_mac_muladd_8s_8s_32s_32_4_1_DSP48_2_U/p_reg_reg input lenet5_int8_i/lenet5_top_int8_0/inst/grp_conv_c1_int8_fixedpoint_fu_1201/grp_conv_c1_int8_fixedpoint_Pipeline_VITIS_LOOP_100_24_fu_2398/mac_muladd_8s_8s_32s_32_4_1_U954/lenet5_top_int8_mac_muladd_8s_8s_32s_32_4_1_DSP48_2_U/p_reg_reg/C[47:0] is not pipelined. Pipelining DSP48 input will improve performance.
Related violations: <none>

DPIP-1#4 Warning
Input pipelining  
DSP lenet5_int8_i/lenet5_top_int8_0/inst/grp_conv_c1_int8_fixedpoint_fu_1201/grp_conv_c1_int8_fixedpoint_Pipeline_VITIS_LOOP_100_24_fu_2398/mac_muladd_8s_8s_32s_32_4_1_U955/lenet5_top_int8_mac_muladd_8s_8s_32s_32_4_1_DSP48_2_U/p_reg_reg input lenet5_int8_i/lenet5_top_int8_0/inst/grp_conv_c1_int8_fixedpoint_fu_1201/grp_conv_c1_int8_fixedpoint_Pipeline_VITIS_LOOP_100_24_fu_2398/mac_muladd_8s_8s_32s_32_4_1_U955/lenet5_top_int8_mac_muladd_8s_8s_32s_32_4_1_DSP48_2_U/p_reg_reg/C[47:0] is not pipelined. Pipelining DSP48 input will improve performance.
Related violations: <none>

DPIP-1#5 Warning
Input pipelining  
DSP lenet5_int8_i/lenet5_top_int8_0/inst/grp_conv_c1_int8_fixedpoint_fu_1201/grp_conv_c1_int8_fixedpoint_Pipeline_VITIS_LOOP_100_24_fu_2398/mac_muladd_8s_8s_32s_32_4_1_U956/lenet5_top_int8_mac_muladd_8s_8s_32s_32_4_1_DSP48_2_U/p_reg_reg input lenet5_int8_i/lenet5_top_int8_0/inst/grp_conv_c1_int8_fixedpoint_fu_1201/grp_conv_c1_int8_fixedpoint_Pipeline_VITIS_LOOP_100_24_fu_2398/mac_muladd_8s_8s_32s_32_4_1_U956/lenet5_top_int8_mac_muladd_8s_8s_32s_32_4_1_DSP48_2_U/p_reg_reg/C[47:0] is not pipelined. Pipelining DSP48 input will improve performance.
Related violations: <none>

DPIP-1#6 Warning
Input pipelining  
DSP lenet5_int8_i/lenet5_top_int8_0/inst/grp_conv_c1_int8_fixedpoint_fu_1201/grp_conv_c1_int8_fixedpoint_Pipeline_VITIS_LOOP_100_24_fu_2398/mac_muladd_8s_8s_32s_32_4_1_U957/lenet5_top_int8_mac_muladd_8s_8s_32s_32_4_1_DSP48_2_U/p_reg_reg input lenet5_int8_i/lenet5_top_int8_0/inst/grp_conv_c1_int8_fixedpoint_fu_1201/grp_conv_c1_int8_fixedpoint_Pipeline_VITIS_LOOP_100_24_fu_2398/mac_muladd_8s_8s_32s_32_4_1_U957/lenet5_top_int8_mac_muladd_8s_8s_32s_32_4_1_DSP48_2_U/p_reg_reg/C[47:0] is not pipelined. Pipelining DSP48 input will improve performance.
Related violations: <none>

DPIP-1#7 Warning
Input pipelining  
DSP lenet5_int8_i/lenet5_top_int8_0/inst/grp_conv_c1_int8_fixedpoint_fu_1201/grp_conv_c1_int8_fixedpoint_Pipeline_VITIS_LOOP_100_24_fu_2398/mac_muladd_8s_8s_32s_32_4_1_U958/lenet5_top_int8_mac_muladd_8s_8s_32s_32_4_1_DSP48_2_U/p_reg_reg input lenet5_int8_i/lenet5_top_int8_0/inst/grp_conv_c1_int8_fixedpoint_fu_1201/grp_conv_c1_int8_fixedpoint_Pipeline_VITIS_LOOP_100_24_fu_2398/mac_muladd_8s_8s_32s_32_4_1_U958/lenet5_top_int8_mac_muladd_8s_8s_32s_32_4_1_DSP48_2_U/p_reg_reg/C[47:0] is not pipelined. Pipelining DSP48 input will improve performance.
Related violations: <none>

DPIP-1#8 Warning
Input pipelining  
DSP lenet5_int8_i/lenet5_top_int8_0/inst/grp_dense_output_int8_fu_1945/fmul_32ns_32ns_32_4_max_dsp_1_U1232/lenet5_top_int8_fmul_32ns_32ns_32_4_max_dsp_1_ip_u/inst/i_synth/MULT.OP/i_non_prim.MULT/DSP48E1_SPD_SGL_VARIANT.FIX_MULT/DSP1/i_no_versal_es1_workaround.DSP input lenet5_int8_i/lenet5_top_int8_0/inst/grp_dense_output_int8_fu_1945/fmul_32ns_32ns_32_4_max_dsp_1_U1232/lenet5_top_int8_fmul_32ns_32ns_32_4_max_dsp_1_ip_u/inst/i_synth/MULT.OP/i_non_prim.MULT/DSP48E1_SPD_SGL_VARIANT.FIX_MULT/DSP1/i_no_versal_es1_workaround.DSP/A[29:0] is not pipelined. Pipelining DSP48 input will improve performance.
Related violations: <none>

DPIP-1#9 Warning
Input pipelining  
DSP lenet5_int8_i/lenet5_top_int8_0/inst/grp_dense_output_int8_fu_1945/fmul_32ns_32ns_32_4_max_dsp_1_U1232/lenet5_top_int8_fmul_32ns_32ns_32_4_max_dsp_1_ip_u/inst/i_synth/MULT.OP/i_non_prim.MULT/DSP48E1_SPD_SGL_VARIANT.FIX_MULT/DSP1/i_no_versal_es1_workaround.DSP input lenet5_int8_i/lenet5_top_int8_0/inst/grp_dense_output_int8_fu_1945/fmul_32ns_32ns_32_4_max_dsp_1_U1232/lenet5_top_int8_fmul_32ns_32ns_32_4_max_dsp_1_ip_u/inst/i_synth/MULT.OP/i_non_prim.MULT/DSP48E1_SPD_SGL_VARIANT.FIX_MULT/DSP1/i_no_versal_es1_workaround.DSP/B[17:0] is not pipelined. Pipelining DSP48 input will improve performance.
Related violations: <none>

DPIP-1#10 Warning
Input pipelining  
DSP lenet5_int8_i/lenet5_top_int8_0/inst/grp_dense_output_int8_fu_1945/fmul_32ns_32ns_32_4_max_dsp_1_U1232/lenet5_top_int8_fmul_32ns_32ns_32_4_max_dsp_1_ip_u/inst/i_synth/MULT.OP/i_non_prim.MULT/DSP48E1_SPD_SGL_VARIANT.FIX_MULT/DSP2/i_no_versal_es1_workaround.DSP input lenet5_int8_i/lenet5_top_int8_0/inst/grp_dense_output_int8_fu_1945/fmul_32ns_32ns_32_4_max_dsp_1_U1232/lenet5_top_int8_fmul_32ns_32ns_32_4_max_dsp_1_ip_u/inst/i_synth/MULT.OP/i_non_prim.MULT/DSP48E1_SPD_SGL_VARIANT.FIX_MULT/DSP2/i_no_versal_es1_workaround.DSP/B[17:0] is not pipelined. Pipelining DSP48 input will improve performance.
Related violations: <none>

DPIP-1#11 Warning
Input pipelining  
DSP lenet5_int8_i/lenet5_top_int8_0/inst/grp_dense_output_int8_fu_1945/fmul_32ns_32ns_32_4_max_dsp_1_U1232/lenet5_top_int8_fmul_32ns_32ns_32_4_max_dsp_1_ip_u/inst/i_synth/MULT.OP/i_non_prim.R_AND_R/LAT_OPT.FULL.R_AND_R/DSP48E1_SGL_EXP_IP.OLD_ADD.ADD/i_no_versal_es1_workaround.DSP input lenet5_int8_i/lenet5_top_int8_0/inst/grp_dense_output_int8_fu_1945/fmul_32ns_32ns_32_4_max_dsp_1_U1232/lenet5_top_int8_fmul_32ns_32ns_32_4_max_dsp_1_ip_u/inst/i_synth/MULT.OP/i_non_prim.R_AND_R/LAT_OPT.FULL.R_AND_R/DSP48E1_SGL_EXP_IP.OLD_ADD.ADD/i_no_versal_es1_workaround.DSP/C[47:0] is not pipelined. Pipelining DSP48 input will improve performance.
Related violations: <none>

DPIP-1#12 Warning
Input pipelining  
DSP lenet5_int8_i/lenet5_top_int8_0/inst/grp_dense_output_int8_fu_1945/grp_dense_output_int8_Pipeline_VITIS_LOOP_65_8_fu_169/faddfsub_32ns_32ns_32_5_full_dsp_1_U1219/lenet5_top_int8_faddfsub_32ns_32ns_32_5_full_dsp_1_ip_u/inst/i_synth/ADDSUB_OP.ADDSUB/DSP.OP/DSP48E1_BODY.ALIGN_ADD/DSP2/i_no_versal_es1_workaround.DSP input lenet5_int8_i/lenet5_top_int8_0/inst/grp_dense_output_int8_fu_1945/grp_dense_output_int8_Pipeline_VITIS_LOOP_65_8_fu_169/faddfsub_32ns_32ns_32_5_full_dsp_1_U1219/lenet5_top_int8_faddfsub_32ns_32ns_32_5_full_dsp_1_ip_u/inst/i_synth/ADDSUB_OP.ADDSUB/DSP.OP/DSP48E1_BODY.ALIGN_ADD/DSP2/i_no_versal_es1_workaround.DSP/A[29:0] is not pipelined. Pipelining DSP48 input will improve performance.
Related violations: <none>

DPIP-1#13 Warning
Input pipelining  
DSP lenet5_int8_i/lenet5_top_int8_0/inst/grp_dense_output_int8_fu_1945/grp_dense_output_int8_Pipeline_VITIS_LOOP_65_8_fu_169/faddfsub_32ns_32ns_32_5_full_dsp_1_U1219/lenet5_top_int8_faddfsub_32ns_32ns_32_5_full_dsp_1_ip_u/inst/i_synth/ADDSUB_OP.ADDSUB/DSP.OP/DSP48E1_BODY.ALIGN_ADD/DSP2/i_no_versal_es1_workaround.DSP input lenet5_int8_i/lenet5_top_int8_0/inst/grp_dense_output_int8_fu_1945/grp_dense_output_int8_Pipeline_VITIS_LOOP_65_8_fu_169/faddfsub_32ns_32ns_32_5_full_dsp_1_U1219/lenet5_top_int8_faddfsub_32ns_32ns_32_5_full_dsp_1_ip_u/inst/i_synth/ADDSUB_OP.ADDSUB/DSP.OP/DSP48E1_BODY.ALIGN_ADD/DSP2/i_no_versal_es1_workaround.DSP/B[17:0] is not pipelined. Pipelining DSP48 input will improve performance.
Related violations: <none>

DPIP-1#14 Warning
Input pipelining  
DSP lenet5_int8_i/lenet5_top_int8_0/inst/grp_dense_output_int8_fu_1945/grp_dense_output_int8_Pipeline_VITIS_LOOP_65_8_fu_169/faddfsub_32ns_32ns_32_5_full_dsp_1_U1219/lenet5_top_int8_faddfsub_32ns_32ns_32_5_full_dsp_1_ip_u/inst/i_synth/ADDSUB_OP.ADDSUB/DSP.OP/DSP48E1_BODY.ALIGN_ADD/DSP2/i_no_versal_es1_workaround.DSP input lenet5_int8_i/lenet5_top_int8_0/inst/grp_dense_output_int8_fu_1945/grp_dense_output_int8_Pipeline_VITIS_LOOP_65_8_fu_169/faddfsub_32ns_32ns_32_5_full_dsp_1_U1219/lenet5_top_int8_faddfsub_32ns_32ns_32_5_full_dsp_1_ip_u/inst/i_synth/ADDSUB_OP.ADDSUB/DSP.OP/DSP48E1_BODY.ALIGN_ADD/DSP2/i_no_versal_es1_workaround.DSP/C[47:0] is not pipelined. Pipelining DSP48 input will improve performance.
Related violations: <none>

DPIP-1#15 Warning
Input pipelining  
DSP lenet5_int8_i/lenet5_top_int8_0/inst/grp_dense_output_int8_fu_1945/grp_dense_output_int8_Pipeline_VITIS_LOOP_65_8_fu_169/faddfsub_32ns_32ns_32_5_full_dsp_1_U1219/lenet5_top_int8_faddfsub_32ns_32ns_32_5_full_dsp_1_ip_u/inst/i_synth/ADDSUB_OP.ADDSUB/DSP.OP/DSP48E1_BODY.NORM_RND/FULL_USAGE_DSP.SHIFT_RND/i_no_versal_es1_workaround.DSP input lenet5_int8_i/lenet5_top_int8_0/inst/grp_dense_output_int8_fu_1945/grp_dense_output_int8_Pipeline_VITIS_LOOP_65_8_fu_169/faddfsub_32ns_32ns_32_5_full_dsp_1_U1219/lenet5_top_int8_faddfsub_32ns_32ns_32_5_full_dsp_1_ip_u/inst/i_synth/ADDSUB_OP.ADDSUB/DSP.OP/DSP48E1_BODY.NORM_RND/FULL_USAGE_DSP.SHIFT_RND/i_no_versal_es1_workaround.DSP/C[47:0] is not pipelined. Pipelining DSP48 input will improve performance.
Related violations: <none>

DPIP-1#16 Warning
Input pipelining  
DSP lenet5_int8_i/lenet5_top_int8_0/inst/grp_dense_output_int8_fu_1945/grp_dense_output_int8_Pipeline_VITIS_LOOP_65_8_fu_169/fexp_32ns_32ns_32_10_full_dsp_1_U1220/lenet5_top_int8_fexp_32ns_32ns_32_10_full_dsp_1_ip_u/inst/i_synth/EXP_OP.i_sp_or_dp.OP/g_Fr_sp_dsp.i_calculate_Fr/i_no_versal_es1_workaround.DSP input lenet5_int8_i/lenet5_top_int8_0/inst/grp_dense_output_int8_fu_1945/grp_dense_output_int8_Pipeline_VITIS_LOOP_65_8_fu_169/fexp_32ns_32ns_32_10_full_dsp_1_U1220/lenet5_top_int8_fexp_32ns_32ns_32_10_full_dsp_1_ip_u/inst/i_synth/EXP_OP.i_sp_or_dp.OP/g_Fr_sp_dsp.i_calculate_Fr/i_no_versal_es1_workaround.DSP/A[29:0] is not pipelined. Pipelining DSP48 input will improve performance.
Related violations: <none>

DPIP-1#17 Warning
Input pipelining  
DSP lenet5_int8_i/lenet5_top_int8_0/inst/grp_dense_output_int8_fu_1945/grp_dense_output_int8_Pipeline_VITIS_LOOP_65_8_fu_169/fexp_32ns_32ns_32_10_full_dsp_1_U1220/lenet5_top_int8_fexp_32ns_32ns_32_10_full_dsp_1_ip_u/inst/i_synth/EXP_OP.i_sp_or_dp.OP/i_calculate_Xf/dsp.one.dsp48e1_add/i_no_versal_es1_workaround.DSP input lenet5_int8_i/lenet5_top_int8_0/inst/grp_dense_output_int8_fu_1945/grp_dense_output_int8_Pipeline_VITIS_LOOP_65_8_fu_169/fexp_32ns_32ns_32_10_full_dsp_1_U1220/lenet5_top_int8_fexp_32ns_32ns_32_10_full_dsp_1_ip_u/inst/i_synth/EXP_OP.i_sp_or_dp.OP/i_calculate_Xf/dsp.one.dsp48e1_add/i_no_versal_es1_workaround.DSP/A[29:0] is not pipelined. Pipelining DSP48 input will improve performance.
Related violations: <none>

DPIP-1#18 Warning
Input pipelining  
DSP lenet5_int8_i/lenet5_top_int8_0/inst/grp_dense_output_int8_fu_1945/grp_dense_output_int8_Pipeline_VITIS_LOOP_65_8_fu_169/fexp_32ns_32ns_32_10_full_dsp_1_U1220/lenet5_top_int8_fexp_32ns_32ns_32_10_full_dsp_1_ip_u/inst/i_synth/EXP_OP.i_sp_or_dp.OP/i_calculate_Xf/dsp.one.dsp48e1_add/i_no_versal_es1_workaround.DSP input lenet5_int8_i/lenet5_top_int8_0/inst/grp_dense_output_int8_fu_1945/grp_dense_output_int8_Pipeline_VITIS_LOOP_65_8_fu_169/fexp_32ns_32ns_32_10_full_dsp_1_U1220/lenet5_top_int8_fexp_32ns_32ns_32_10_full_dsp_1_ip_u/inst/i_synth/EXP_OP.i_sp_or_dp.OP/i_calculate_Xf/dsp.one.dsp48e1_add/i_no_versal_es1_workaround.DSP/B[17:0] is not pipelined. Pipelining DSP48 input will improve performance.
Related violations: <none>

DPIP-1#19 Warning
Input pipelining  
DSP lenet5_int8_i/lenet5_top_int8_0/inst/grp_dense_output_int8_fu_1945/grp_dense_output_int8_Pipeline_VITIS_LOOP_65_8_fu_169/fexp_32ns_32ns_32_10_full_dsp_1_U1220/lenet5_top_int8_fexp_32ns_32ns_32_10_full_dsp_1_ip_u/inst/i_synth/EXP_OP.i_sp_or_dp.OP/i_calculate_Xf/dsp.one.dsp48e1_add/i_no_versal_es1_workaround.DSP input lenet5_int8_i/lenet5_top_int8_0/inst/grp_dense_output_int8_fu_1945/grp_dense_output_int8_Pipeline_VITIS_LOOP_65_8_fu_169/fexp_32ns_32ns_32_10_full_dsp_1_U1220/lenet5_top_int8_fexp_32ns_32ns_32_10_full_dsp_1_ip_u/inst/i_synth/EXP_OP.i_sp_or_dp.OP/i_calculate_Xf/dsp.one.dsp48e1_add/i_no_versal_es1_workaround.DSP/C[47:0] is not pipelined. Pipelining DSP48 input will improve performance.
Related violations: <none>

DPIP-1#20 Warning
Input pipelining  
DSP lenet5_int8_i/lenet5_top_int8_0/inst/grp_dense_output_int8_fu_1945/grp_dense_output_int8_Pipeline_VITIS_LOOP_65_8_fu_169/fexp_32ns_32ns_32_10_full_dsp_1_U1220/lenet5_top_int8_fexp_32ns_32ns_32_10_full_dsp_1_ip_u/inst/i_synth/EXP_OP.i_sp_or_dp.OP/i_ccm_ln2/g_tables[0].i_addsub/dsp.one.dsp48e1_add/i_no_versal_es1_workaround.DSP input lenet5_int8_i/lenet5_top_int8_0/inst/grp_dense_output_int8_fu_1945/grp_dense_output_int8_Pipeline_VITIS_LOOP_65_8_fu_169/fexp_32ns_32ns_32_10_full_dsp_1_U1220/lenet5_top_int8_fexp_32ns_32ns_32_10_full_dsp_1_ip_u/inst/i_synth/EXP_OP.i_sp_or_dp.OP/i_ccm_ln2/g_tables[0].i_addsub/dsp.one.dsp48e1_add/i_no_versal_es1_workaround.DSP/A[29:0] is not pipelined. Pipelining DSP48 input will improve performance.
Related violations: <none>

DPIP-1#21 Warning
Input pipelining  
DSP lenet5_int8_i/lenet5_top_int8_0/inst/grp_dense_output_int8_fu_1945/grp_dense_output_int8_Pipeline_VITIS_LOOP_65_8_fu_169/fexp_32ns_32ns_32_10_full_dsp_1_U1220/lenet5_top_int8_fexp_32ns_32ns_32_10_full_dsp_1_ip_u/inst/i_synth/EXP_OP.i_sp_or_dp.OP/i_ccm_ln2/g_tables[0].i_addsub/dsp.one.dsp48e1_add/i_no_versal_es1_workaround.DSP input lenet5_int8_i/lenet5_top_int8_0/inst/grp_dense_output_int8_fu_1945/grp_dense_output_int8_Pipeline_VITIS_LOOP_65_8_fu_169/fexp_32ns_32ns_32_10_full_dsp_1_U1220/lenet5_top_int8_fexp_32ns_32ns_32_10_full_dsp_1_ip_u/inst/i_synth/EXP_OP.i_sp_or_dp.OP/i_ccm_ln2/g_tables[0].i_addsub/dsp.one.dsp48e1_add/i_no_versal_es1_workaround.DSP/B[17:0] is not pipelined. Pipelining DSP48 input will improve performance.
Related violations: <none>

DPIP-1#22 Warning
Input pipelining  
DSP lenet5_int8_i/lenet5_top_int8_0/inst/grp_dense_output_int8_fu_1945/grp_dense_output_int8_Pipeline_VITIS_LOOP_65_8_fu_169/fexp_32ns_32ns_32_10_full_dsp_1_U1220/lenet5_top_int8_fexp_32ns_32ns_32_10_full_dsp_1_ip_u/inst/i_synth/EXP_OP.i_sp_or_dp.OP/i_ccm_ln2/g_tables[1].i_addsub/dsp.one.dsp48e1_add/i_no_versal_es1_workaround.DSP input lenet5_int8_i/lenet5_top_int8_0/inst/grp_dense_output_int8_fu_1945/grp_dense_output_int8_Pipeline_VITIS_LOOP_65_8_fu_169/fexp_32ns_32ns_32_10_full_dsp_1_U1220/lenet5_top_int8_fexp_32ns_32ns_32_10_full_dsp_1_ip_u/inst/i_synth/EXP_OP.i_sp_or_dp.OP/i_ccm_ln2/g_tables[1].i_addsub/dsp.one.dsp48e1_add/i_no_versal_es1_workaround.DSP/A[29:0] is not pipelined. Pipelining DSP48 input will improve performance.
Related violations: <none>

DPIP-1#23 Warning
Input pipelining  
DSP lenet5_int8_i/lenet5_top_int8_0/inst/grp_dense_output_int8_fu_1945/grp_dense_output_int8_Pipeline_VITIS_LOOP_65_8_fu_169/fexp_32ns_32ns_32_10_full_dsp_1_U1220/lenet5_top_int8_fexp_32ns_32ns_32_10_full_dsp_1_ip_u/inst/i_synth/EXP_OP.i_sp_or_dp.OP/i_ccm_ln2/g_tables[1].i_addsub/dsp.one.dsp48e1_add/i_no_versal_es1_workaround.DSP input lenet5_int8_i/lenet5_top_int8_0/inst/grp_dense_output_int8_fu_1945/grp_dense_output_int8_Pipeline_VITIS_LOOP_65_8_fu_169/fexp_32ns_32ns_32_10_full_dsp_1_U1220/lenet5_top_int8_fexp_32ns_32ns_32_10_full_dsp_1_ip_u/inst/i_synth/EXP_OP.i_sp_or_dp.OP/i_ccm_ln2/g_tables[1].i_addsub/dsp.one.dsp48e1_add/i_no_versal_es1_workaround.DSP/B[17:0] is not pipelined. Pipelining DSP48 input will improve performance.
Related violations: <none>

DPIP-1#24 Warning
Input pipelining  
DSP lenet5_int8_i/lenet5_top_int8_0/inst/grp_dense_output_int8_fu_1945/grp_dense_output_int8_Pipeline_VITIS_LOOP_65_8_fu_169/fexp_32ns_32ns_32_10_full_dsp_1_U1220/lenet5_top_int8_fexp_32ns_32ns_32_10_full_dsp_1_ip_u/inst/i_synth/EXP_OP.i_sp_or_dp.OP/i_ccm_ln2/g_tables[1].i_addsub/dsp.one.dsp48e1_add/i_no_versal_es1_workaround.DSP input lenet5_int8_i/lenet5_top_int8_0/inst/grp_dense_output_int8_fu_1945/grp_dense_output_int8_Pipeline_VITIS_LOOP_65_8_fu_169/fexp_32ns_32ns_32_10_full_dsp_1_U1220/lenet5_top_int8_fexp_32ns_32ns_32_10_full_dsp_1_ip_u/inst/i_synth/EXP_OP.i_sp_or_dp.OP/i_ccm_ln2/g_tables[1].i_addsub/dsp.one.dsp48e1_add/i_no_versal_es1_workaround.DSP/C[47:0] is not pipelined. Pipelining DSP48 input will improve performance.
Related violations: <none>

DPIP-1#25 Warning
Input pipelining  
DSP lenet5_int8_i/lenet5_top_int8_0/inst/grp_dense_output_int8_fu_1945/grp_dense_output_int8_Pipeline_VITIS_LOOP_65_8_fu_169/fexp_32ns_32ns_32_10_full_dsp_1_U1220/lenet5_top_int8_fexp_32ns_32ns_32_10_full_dsp_1_ip_u/inst/i_synth/EXP_OP.i_sp_or_dp.OP/i_ccm_recip_ln2/g_tables[0].i_addsub/dsp.one.dsp48e1_add/i_no_versal_es1_workaround.DSP input lenet5_int8_i/lenet5_top_int8_0/inst/grp_dense_output_int8_fu_1945/grp_dense_output_int8_Pipeline_VITIS_LOOP_65_8_fu_169/fexp_32ns_32ns_32_10_full_dsp_1_U1220/lenet5_top_int8_fexp_32ns_32ns_32_10_full_dsp_1_ip_u/inst/i_synth/EXP_OP.i_sp_or_dp.OP/i_ccm_recip_ln2/g_tables[0].i_addsub/dsp.one.dsp48e1_add/i_no_versal_es1_workaround.DSP/B[17:0] is not pipelined. Pipelining DSP48 input will improve performance.
Related violations: <none>

DPIP-1#26 Warning
Input pipelining  
DSP lenet5_int8_i/lenet5_top_int8_0/inst/grp_dense_output_int8_fu_1945/grp_dense_output_int8_Pipeline_VITIS_LOOP_65_8_fu_169/fexp_32ns_32ns_32_10_full_dsp_1_U1220/lenet5_top_int8_fexp_32ns_32ns_32_10_full_dsp_1_ip_u/inst/i_synth/EXP_OP.i_sp_or_dp.OP/i_ccm_recip_ln2/g_tables[1].i_addsub/dsp.one.dsp48e1_add/i_no_versal_es1_workaround.DSP input lenet5_int8_i/lenet5_top_int8_0/inst/grp_dense_output_int8_fu_1945/grp_dense_output_int8_Pipeline_VITIS_LOOP_65_8_fu_169/fexp_32ns_32ns_32_10_full_dsp_1_U1220/lenet5_top_int8_fexp_32ns_32ns_32_10_full_dsp_1_ip_u/inst/i_synth/EXP_OP.i_sp_or_dp.OP/i_ccm_recip_ln2/g_tables[1].i_addsub/dsp.one.dsp48e1_add/i_no_versal_es1_workaround.DSP/A[29:0] is not pipelined. Pipelining DSP48 input will improve performance.
Related violations: <none>

DPIP-1#27 Warning
Input pipelining  
DSP lenet5_int8_i/lenet5_top_int8_0/inst/grp_dense_output_int8_fu_1945/grp_dense_output_int8_Pipeline_VITIS_LOOP_65_8_fu_169/fexp_32ns_32ns_32_10_full_dsp_1_U1220/lenet5_top_int8_fexp_32ns_32ns_32_10_full_dsp_1_ip_u/inst/i_synth/EXP_OP.i_sp_or_dp.OP/i_ccm_recip_ln2/g_tables[1].i_addsub/dsp.one.dsp48e1_add/i_no_versal_es1_workaround.DSP input lenet5_int8_i/lenet5_top_int8_0/inst/grp_dense_output_int8_fu_1945/grp_dense_output_int8_Pipeline_VITIS_LOOP_65_8_fu_169/fexp_32ns_32ns_32_10_full_dsp_1_U1220/lenet5_top_int8_fexp_32ns_32ns_32_10_full_dsp_1_ip_u/inst/i_synth/EXP_OP.i_sp_or_dp.OP/i_ccm_recip_ln2/g_tables[1].i_addsub/dsp.one.dsp48e1_add/i_no_versal_es1_workaround.DSP/B[17:0] is not pipelined. Pipelining DSP48 input will improve performance.
Related violations: <none>

DPIP-1#28 Warning
Input pipelining  
DSP lenet5_int8_i/lenet5_top_int8_0/inst/grp_dense_output_int8_fu_1945/grp_dense_output_int8_Pipeline_VITIS_LOOP_65_8_fu_169/fexp_32ns_32ns_32_10_full_dsp_1_U1220/lenet5_top_int8_fexp_32ns_32ns_32_10_full_dsp_1_ip_u/inst/i_synth/EXP_OP.i_sp_or_dp.OP/i_ccm_recip_ln2/g_tables[1].i_addsub/dsp.one.dsp48e1_add/i_no_versal_es1_workaround.DSP input lenet5_int8_i/lenet5_top_int8_0/inst/grp_dense_output_int8_fu_1945/grp_dense_output_int8_Pipeline_VITIS_LOOP_65_8_fu_169/fexp_32ns_32ns_32_10_full_dsp_1_U1220/lenet5_top_int8_fexp_32ns_32ns_32_10_full_dsp_1_ip_u/inst/i_synth/EXP_OP.i_sp_or_dp.OP/i_ccm_recip_ln2/g_tables[1].i_addsub/dsp.one.dsp48e1_add/i_no_versal_es1_workaround.DSP/C[47:0] is not pipelined. Pipelining DSP48 input will improve performance.
Related violations: <none>

DPIP-1#29 Warning
Input pipelining  
DSP lenet5_int8_i/lenet5_top_int8_0/inst/grp_dense_output_int8_fu_1945/grp_dense_output_int8_Pipeline_VITIS_LOOP_65_8_fu_169/fexp_32ns_32ns_32_10_full_dsp_1_U1220/lenet5_top_int8_fexp_32ns_32ns_32_10_full_dsp_1_ip_u/inst/i_synth/EXP_OP.i_sp_or_dp.OP/i_renorm_and_round/DSP48_E1.DSP48E1_ADD.DSP48E1_ADD/i_no_versal_es1_workaround.DSP input lenet5_int8_i/lenet5_top_int8_0/inst/grp_dense_output_int8_fu_1945/grp_dense_output_int8_Pipeline_VITIS_LOOP_65_8_fu_169/fexp_32ns_32ns_32_10_full_dsp_1_U1220/lenet5_top_int8_fexp_32ns_32ns_32_10_full_dsp_1_ip_u/inst/i_synth/EXP_OP.i_sp_or_dp.OP/i_renorm_and_round/DSP48_E1.DSP48E1_ADD.DSP48E1_ADD/i_no_versal_es1_workaround.DSP/B[17:0] is not pipelined. Pipelining DSP48 input will improve performance.
Related violations: <none>

DPIP-1#30 Warning
Input pipelining  
DSP lenet5_int8_i/lenet5_top_int8_0/inst/grp_dense_output_int8_fu_1945/grp_dense_output_int8_Pipeline_VITIS_LOOP_65_8_fu_169/fexp_32ns_32ns_32_10_full_dsp_1_U1220/lenet5_top_int8_fexp_32ns_32ns_32_10_full_dsp_1_ip_u/inst/i_synth/EXP_OP.i_sp_or_dp.OP/i_renorm_and_round/DSP48_E1.DSP48E1_ADD.DSP48E1_ADD/i_no_versal_es1_workaround.DSP input lenet5_int8_i/lenet5_top_int8_0/inst/grp_dense_output_int8_fu_1945/grp_dense_output_int8_Pipeline_VITIS_LOOP_65_8_fu_169/fexp_32ns_32ns_32_10_full_dsp_1_U1220/lenet5_top_int8_fexp_32ns_32ns_32_10_full_dsp_1_ip_u/inst/i_synth/EXP_OP.i_sp_or_dp.OP/i_renorm_and_round/DSP48_E1.DSP48E1_ADD.DSP48E1_ADD/i_no_versal_es1_workaround.DSP/C[47:0] is not pipelined. Pipelining DSP48 input will improve performance.
Related violations: <none>

DPIP-1#31 Warning
Input pipelining  
DSP lenet5_int8_i/lenet5_top_int8_0/inst/grp_lenet5_top_int8_Pipeline_copy_f6_weights_VITIS_LOOP_193_9_fu_1121/mul_ln192_reg_387_reg input lenet5_int8_i/lenet5_top_int8_0/inst/grp_lenet5_top_int8_Pipeline_copy_f6_weights_VITIS_LOOP_193_9_fu_1121/mul_ln192_reg_387_reg/A[29:0] is not pipelined. Pipelining DSP48 input will improve performance.
Related violations: <none>

DPIP-1#32 Warning
Input pipelining  
DSP lenet5_int8_i/lenet5_top_int8_0/inst/mul_31ns_32s_63_2_1_U1246/dout_reg input lenet5_int8_i/lenet5_top_int8_0/inst/mul_31ns_32s_63_2_1_U1246/dout_reg/A[29:0] is not pipelined. Pipelining DSP48 input will improve performance.
Related violations: <none>

DPIP-1#33 Warning
Input pipelining  
DSP lenet5_int8_i/lenet5_top_int8_0/inst/mul_31ns_32s_63_2_1_U1246/dout_reg input lenet5_int8_i/lenet5_top_int8_0/inst/mul_31ns_32s_63_2_1_U1246/dout_reg/B[17:0] is not pipelined. Pipelining DSP48 input will improve performance.
Related violations: <none>

DPIP-1#34 Warning
Input pipelining  
DSP lenet5_int8_i/lenet5_top_int8_0/inst/mul_31ns_32s_63_2_1_U1246/dout_reg__0 input lenet5_int8_i/lenet5_top_int8_0/inst/mul_31ns_32s_63_2_1_U1246/dout_reg__0/B[17:0] is not pipelined. Pipelining DSP48 input will improve performance.
Related violations: <none>

DPIP-1#35 Warning
Input pipelining  
DSP lenet5_int8_i/lenet5_top_int8_0/inst/mul_31ns_32s_63_2_1_U1246/tmp_product input lenet5_int8_i/lenet5_top_int8_0/inst/mul_31ns_32s_63_2_1_U1246/tmp_product/A[29:0] is not pipelined. Pipelining DSP48 input will improve performance.
Related violations: <none>

DPIP-1#36 Warning
Input pipelining  
DSP lenet5_int8_i/lenet5_top_int8_0/inst/mul_31ns_32s_63_2_1_U1246/tmp_product input lenet5_int8_i/lenet5_top_int8_0/inst/mul_31ns_32s_63_2_1_U1246/tmp_product/B[17:0] is not pipelined. Pipelining DSP48 input will improve performance.
Related violations: <none>

DPIP-1#37 Warning
Input pipelining  
DSP lenet5_int8_i/lenet5_top_int8_0/inst/mul_31ns_32s_63_2_1_U1246/tmp_product__0 input lenet5_int8_i/lenet5_top_int8_0/inst/mul_31ns_32s_63_2_1_U1246/tmp_product__0/A[29:0] is not pipelined. Pipelining DSP48 input will improve performance.
Related violations: <none>

DPIP-1#38 Warning
Input pipelining  
DSP lenet5_int8_i/lenet5_top_int8_0/inst/mul_31ns_32s_63_2_1_U1246/tmp_product__0 input lenet5_int8_i/lenet5_top_int8_0/inst/mul_31ns_32s_63_2_1_U1246/tmp_product__0/B[17:0] is not pipelined. Pipelining DSP48 input will improve performance.
Related violations: <none>

DPOP-1#1 Warning
PREG Output pipelining  
DSP lenet5_int8_i/lenet5_top_int8_0/inst/grp_dense_output_int8_fu_1945/fmul_32ns_32ns_32_4_max_dsp_1_U1232/lenet5_top_int8_fmul_32ns_32ns_32_4_max_dsp_1_ip_u/inst/i_synth/MULT.OP/i_non_prim.MULT/DSP48E1_SPD_SGL_VARIANT.FIX_MULT/DSP2/i_no_versal_es1_workaround.DSP output lenet5_int8_i/lenet5_top_int8_0/inst/grp_dense_output_int8_fu_1945/fmul_32ns_32ns_32_4_max_dsp_1_U1232/lenet5_top_int8_fmul_32ns_32ns_32_4_max_dsp_1_ip_u/inst/i_synth/MULT.OP/i_non_prim.MULT/DSP48E1_SPD_SGL_VARIANT.FIX_MULT/DSP2/i_no_versal_es1_workaround.DSP/PATTERNDETECT is not pipelined (PREG=0). Pipelining the DSP48 output will improve performance and often saves power so it is suggested whenever possible to fully pipeline this function.  If this DSP48 function was inferred, it is suggested to describe an additional register stage after this function.  If the DSP48 was instantiated in the design, it is suggested to set the PREG attribute to 1.
Related violations: <none>

DPOP-1#2 Warning
PREG Output pipelining  
DSP lenet5_int8_i/lenet5_top_int8_0/inst/grp_dense_output_int8_fu_1945/fmul_32ns_32ns_32_4_max_dsp_1_U1232/lenet5_top_int8_fmul_32ns_32ns_32_4_max_dsp_1_ip_u/inst/i_synth/MULT.OP/i_non_prim.MULT/DSP48E1_SPD_SGL_VARIANT.FIX_MULT/DSP2/i_no_versal_es1_workaround.DSP output lenet5_int8_i/lenet5_top_int8_0/inst/grp_dense_output_int8_fu_1945/fmul_32ns_32ns_32_4_max_dsp_1_U1232/lenet5_top_int8_fmul_32ns_32ns_32_4_max_dsp_1_ip_u/inst/i_synth/MULT.OP/i_non_prim.MULT/DSP48E1_SPD_SGL_VARIANT.FIX_MULT/DSP2/i_no_versal_es1_workaround.DSP/P[47:0] is not pipelined (PREG=0). Pipelining the DSP48 output will improve performance and often saves power so it is suggested whenever possible to fully pipeline this function.  If this DSP48 function was inferred, it is suggested to describe an additional register stage after this function.  If the DSP48 was instantiated in the design, it is suggested to set the PREG attribute to 1.
Related violations: <none>

DPOP-1#3 Warning
PREG Output pipelining  
DSP lenet5_int8_i/lenet5_top_int8_0/inst/grp_dense_output_int8_fu_1945/fmul_32ns_32ns_32_4_max_dsp_1_U1232/lenet5_top_int8_fmul_32ns_32ns_32_4_max_dsp_1_ip_u/inst/i_synth/MULT.OP/i_non_prim.R_AND_R/LAT_OPT.FULL.R_AND_R/DSP48E1_SGL_EXP_IP.OLD_ADD.ADD/i_no_versal_es1_workaround.DSP output lenet5_int8_i/lenet5_top_int8_0/inst/grp_dense_output_int8_fu_1945/fmul_32ns_32ns_32_4_max_dsp_1_U1232/lenet5_top_int8_fmul_32ns_32ns_32_4_max_dsp_1_ip_u/inst/i_synth/MULT.OP/i_non_prim.R_AND_R/LAT_OPT.FULL.R_AND_R/DSP48E1_SGL_EXP_IP.OLD_ADD.ADD/i_no_versal_es1_workaround.DSP/CARRYOUT[3:0] is not pipelined (PREG=0). Pipelining the DSP48 output will improve performance and often saves power so it is suggested whenever possible to fully pipeline this function.  If this DSP48 function was inferred, it is suggested to describe an additional register stage after this function.  If the DSP48 was instantiated in the design, it is suggested to set the PREG attribute to 1.
Related violations: <none>

DPOP-1#4 Warning
PREG Output pipelining  
DSP lenet5_int8_i/lenet5_top_int8_0/inst/grp_dense_output_int8_fu_1945/fmul_32ns_32ns_32_4_max_dsp_1_U1232/lenet5_top_int8_fmul_32ns_32ns_32_4_max_dsp_1_ip_u/inst/i_synth/MULT.OP/i_non_prim.R_AND_R/LAT_OPT.FULL.R_AND_R/DSP48E1_SGL_EXP_IP.OLD_ADD.ADD/i_no_versal_es1_workaround.DSP output lenet5_int8_i/lenet5_top_int8_0/inst/grp_dense_output_int8_fu_1945/fmul_32ns_32ns_32_4_max_dsp_1_U1232/lenet5_top_int8_fmul_32ns_32ns_32_4_max_dsp_1_ip_u/inst/i_synth/MULT.OP/i_non_prim.R_AND_R/LAT_OPT.FULL.R_AND_R/DSP48E1_SGL_EXP_IP.OLD_ADD.ADD/i_no_versal_es1_workaround.DSP/P[47:0] is not pipelined (PREG=0). Pipelining the DSP48 output will improve performance and often saves power so it is suggested whenever possible to fully pipeline this function.  If this DSP48 function was inferred, it is suggested to describe an additional register stage after this function.  If the DSP48 was instantiated in the design, it is suggested to set the PREG attribute to 1.
Related violations: <none>

DPOP-1#5 Warning
PREG Output pipelining  
DSP lenet5_int8_i/lenet5_top_int8_0/inst/grp_dense_output_int8_fu_1945/grp_dense_output_int8_Pipeline_VITIS_LOOP_65_8_fu_169/faddfsub_32ns_32ns_32_5_full_dsp_1_U1219/lenet5_top_int8_faddfsub_32ns_32ns_32_5_full_dsp_1_ip_u/inst/i_synth/ADDSUB_OP.ADDSUB/DSP.OP/DSP48E1_BODY.NORM_RND/FULL_USAGE_DSP.SHIFT_RND/i_no_versal_es1_workaround.DSP output lenet5_int8_i/lenet5_top_int8_0/inst/grp_dense_output_int8_fu_1945/grp_dense_output_int8_Pipeline_VITIS_LOOP_65_8_fu_169/faddfsub_32ns_32ns_32_5_full_dsp_1_U1219/lenet5_top_int8_faddfsub_32ns_32ns_32_5_full_dsp_1_ip_u/inst/i_synth/ADDSUB_OP.ADDSUB/DSP.OP/DSP48E1_BODY.NORM_RND/FULL_USAGE_DSP.SHIFT_RND/i_no_versal_es1_workaround.DSP/P[47:0] is not pipelined (PREG=0). Pipelining the DSP48 output will improve performance and often saves power so it is suggested whenever possible to fully pipeline this function.  If this DSP48 function was inferred, it is suggested to describe an additional register stage after this function.  If the DSP48 was instantiated in the design, it is suggested to set the PREG attribute to 1.
Related violations: <none>

DPOP-1#6 Warning
PREG Output pipelining  
DSP lenet5_int8_i/lenet5_top_int8_0/inst/grp_dense_output_int8_fu_1945/grp_dense_output_int8_Pipeline_VITIS_LOOP_65_8_fu_169/fexp_32ns_32ns_32_10_full_dsp_1_U1220/lenet5_top_int8_fexp_32ns_32ns_32_10_full_dsp_1_ip_u/inst/i_synth/EXP_OP.i_sp_or_dp.OP/g_Fr_sp_dsp.i_calculate_Fr/i_no_versal_es1_workaround.DSP output lenet5_int8_i/lenet5_top_int8_0/inst/grp_dense_output_int8_fu_1945/grp_dense_output_int8_Pipeline_VITIS_LOOP_65_8_fu_169/fexp_32ns_32ns_32_10_full_dsp_1_U1220/lenet5_top_int8_fexp_32ns_32ns_32_10_full_dsp_1_ip_u/inst/i_synth/EXP_OP.i_sp_or_dp.OP/g_Fr_sp_dsp.i_calculate_Fr/i_no_versal_es1_workaround.DSP/P[47:0] is not pipelined (PREG=0). Pipelining the DSP48 output will improve performance and often saves power so it is suggested whenever possible to fully pipeline this function.  If this DSP48 function was inferred, it is suggested to describe an additional register stage after this function.  If the DSP48 was instantiated in the design, it is suggested to set the PREG attribute to 1.
Related violations: <none>

DPOP-1#7 Warning
PREG Output pipelining  
DSP lenet5_int8_i/lenet5_top_int8_0/inst/grp_dense_output_int8_fu_1945/grp_dense_output_int8_Pipeline_VITIS_LOOP_65_8_fu_169/fexp_32ns_32ns_32_10_full_dsp_1_U1220/lenet5_top_int8_fexp_32ns_32ns_32_10_full_dsp_1_ip_u/inst/i_synth/EXP_OP.i_sp_or_dp.OP/i_ccm_ln2/g_tables[0].i_addsub/dsp.one.dsp48e1_add/i_no_versal_es1_workaround.DSP output lenet5_int8_i/lenet5_top_int8_0/inst/grp_dense_output_int8_fu_1945/grp_dense_output_int8_Pipeline_VITIS_LOOP_65_8_fu_169/fexp_32ns_32ns_32_10_full_dsp_1_U1220/lenet5_top_int8_fexp_32ns_32ns_32_10_full_dsp_1_ip_u/inst/i_synth/EXP_OP.i_sp_or_dp.OP/i_ccm_ln2/g_tables[0].i_addsub/dsp.one.dsp48e1_add/i_no_versal_es1_workaround.DSP/P[47:0] is not pipelined (PREG=0). Pipelining the DSP48 output will improve performance and often saves power so it is suggested whenever possible to fully pipeline this function.  If this DSP48 function was inferred, it is suggested to describe an additional register stage after this function.  If the DSP48 was instantiated in the design, it is suggested to set the PREG attribute to 1.
Related violations: <none>

DPOP-1#8 Warning
PREG Output pipelining  
DSP lenet5_int8_i/lenet5_top_int8_0/inst/grp_dense_output_int8_fu_1945/grp_dense_output_int8_Pipeline_VITIS_LOOP_65_8_fu_169/fexp_32ns_32ns_32_10_full_dsp_1_U1220/lenet5_top_int8_fexp_32ns_32ns_32_10_full_dsp_1_ip_u/inst/i_synth/EXP_OP.i_sp_or_dp.OP/i_renorm_and_round/DSP48_E1.DSP48E1_ADD.DSP48E1_ADD/i_no_versal_es1_workaround.DSP output lenet5_int8_i/lenet5_top_int8_0/inst/grp_dense_output_int8_fu_1945/grp_dense_output_int8_Pipeline_VITIS_LOOP_65_8_fu_169/fexp_32ns_32ns_32_10_full_dsp_1_U1220/lenet5_top_int8_fexp_32ns_32ns_32_10_full_dsp_1_ip_u/inst/i_synth/EXP_OP.i_sp_or_dp.OP/i_renorm_and_round/DSP48_E1.DSP48E1_ADD.DSP48E1_ADD/i_no_versal_es1_workaround.DSP/P[47:0] is not pipelined (PREG=0). Pipelining the DSP48 output will improve performance and often saves power so it is suggested whenever possible to fully pipeline this function.  If this DSP48 function was inferred, it is suggested to describe an additional register stage after this function.  If the DSP48 was instantiated in the design, it is suggested to set the PREG attribute to 1.
Related violations: <none>

DPOP-1#9 Warning
PREG Output pipelining  
DSP lenet5_int8_i/lenet5_top_int8_0/inst/mul_31ns_32s_63_2_1_U1246/tmp_product output lenet5_int8_i/lenet5_top_int8_0/inst/mul_31ns_32s_63_2_1_U1246/tmp_product/P[47:0] is not pipelined (PREG=0). Pipelining the DSP48 output will improve performance and often saves power so it is suggested whenever possible to fully pipeline this function.  If this DSP48 function was inferred, it is suggested to describe an additional register stage after this function.  If the DSP48 was instantiated in the design, it is suggested to set the PREG attribute to 1.
Related violations: <none>

DPOP-1#10 Warning
PREG Output pipelining  
DSP lenet5_int8_i/lenet5_top_int8_0/inst/mul_31ns_32s_63_2_1_U1246/tmp_product__0 output lenet5_int8_i/lenet5_top_int8_0/inst/mul_31ns_32s_63_2_1_U1246/tmp_product__0/P[47:0] is not pipelined (PREG=0). Pipelining the DSP48 output will improve performance and often saves power so it is suggested whenever possible to fully pipeline this function.  If this DSP48 function was inferred, it is suggested to describe an additional register stage after this function.  If the DSP48 was instantiated in the design, it is suggested to set the PREG attribute to 1.
Related violations: <none>

DPOP-2#1 Warning
MREG Output pipelining  
DSP lenet5_int8_i/lenet5_top_int8_0/inst/grp_dense_output_int8_fu_1945/fmul_32ns_32ns_32_4_max_dsp_1_U1232/lenet5_top_int8_fmul_32ns_32ns_32_4_max_dsp_1_ip_u/inst/i_synth/MULT.OP/i_non_prim.MULT/DSP48E1_SPD_SGL_VARIANT.FIX_MULT/DSP1/i_no_versal_es1_workaround.DSP multiplier stage lenet5_int8_i/lenet5_top_int8_0/inst/grp_dense_output_int8_fu_1945/fmul_32ns_32ns_32_4_max_dsp_1_U1232/lenet5_top_int8_fmul_32ns_32ns_32_4_max_dsp_1_ip_u/inst/i_synth/MULT.OP/i_non_prim.MULT/DSP48E1_SPD_SGL_VARIANT.FIX_MULT/DSP1/i_no_versal_es1_workaround.DSP/PATTERNDETECT is not pipelined (MREG=0). Pipelining the multiplier function will improve performance and will save significant power so it is suggested whenever possible to fully pipeline this function.  If this multiplier was inferred, it is suggested to describe an additional register stage after this function.  If there is no registered adder/accumulator following the multiply function, two pipeline stages are suggested to allow both the MREG and PREG registers to be used.  If the DSP48 was instantiated in the design, it is suggested to set both the MREG and PREG attributes to 1 when performing multiply functions.
Related violations: <none>

DPOP-2#2 Warning
MREG Output pipelining  
DSP lenet5_int8_i/lenet5_top_int8_0/inst/grp_dense_output_int8_fu_1945/grp_dense_output_int8_Pipeline_VITIS_LOOP_65_8_fu_169/faddfsub_32ns_32ns_32_5_full_dsp_1_U1219/lenet5_top_int8_faddfsub_32ns_32ns_32_5_full_dsp_1_ip_u/inst/i_synth/ADDSUB_OP.ADDSUB/DSP.OP/DSP48E1_BODY.NORM_RND/FULL_USAGE_DSP.SHIFT_RND/i_no_versal_es1_workaround.DSP multiplier stage lenet5_int8_i/lenet5_top_int8_0/inst/grp_dense_output_int8_fu_1945/grp_dense_output_int8_Pipeline_VITIS_LOOP_65_8_fu_169/faddfsub_32ns_32ns_32_5_full_dsp_1_U1219/lenet5_top_int8_faddfsub_32ns_32ns_32_5_full_dsp_1_ip_u/inst/i_synth/ADDSUB_OP.ADDSUB/DSP.OP/DSP48E1_BODY.NORM_RND/FULL_USAGE_DSP.SHIFT_RND/i_no_versal_es1_workaround.DSP/P[47:0] is not pipelined (MREG=0). Pipelining the multiplier function will improve performance and will save significant power so it is suggested whenever possible to fully pipeline this function.  If this multiplier was inferred, it is suggested to describe an additional register stage after this function.  If there is no registered adder/accumulator following the multiply function, two pipeline stages are suggested to allow both the MREG and PREG registers to be used.  If the DSP48 was instantiated in the design, it is suggested to set both the MREG and PREG attributes to 1 when performing multiply functions.
Related violations: <none>

DPOP-2#3 Warning
MREG Output pipelining  
DSP lenet5_int8_i/lenet5_top_int8_0/inst/grp_dense_output_int8_fu_1945/grp_dense_output_int8_Pipeline_VITIS_LOOP_65_8_fu_169/fexp_32ns_32ns_32_10_full_dsp_1_U1220/lenet5_top_int8_fexp_32ns_32ns_32_10_full_dsp_1_ip_u/inst/i_synth/EXP_OP.i_sp_or_dp.OP/g_Fr_sp_dsp.i_calculate_Fr/i_no_versal_es1_workaround.DSP multiplier stage lenet5_int8_i/lenet5_top_int8_0/inst/grp_dense_output_int8_fu_1945/grp_dense_output_int8_Pipeline_VITIS_LOOP_65_8_fu_169/fexp_32ns_32ns_32_10_full_dsp_1_U1220/lenet5_top_int8_fexp_32ns_32ns_32_10_full_dsp_1_ip_u/inst/i_synth/EXP_OP.i_sp_or_dp.OP/g_Fr_sp_dsp.i_calculate_Fr/i_no_versal_es1_workaround.DSP/P[47:0] is not pipelined (MREG=0). Pipelining the multiplier function will improve performance and will save significant power so it is suggested whenever possible to fully pipeline this function.  If this multiplier was inferred, it is suggested to describe an additional register stage after this function.  If there is no registered adder/accumulator following the multiply function, two pipeline stages are suggested to allow both the MREG and PREG registers to be used.  If the DSP48 was instantiated in the design, it is suggested to set both the MREG and PREG attributes to 1 when performing multiply functions.
Related violations: <none>

DPOP-2#4 Warning
MREG Output pipelining  
DSP lenet5_int8_i/lenet5_top_int8_0/inst/grp_lenet5_top_int8_Pipeline_copy_f6_weights_VITIS_LOOP_193_9_fu_1121/mul_ln192_reg_387_reg multiplier stage lenet5_int8_i/lenet5_top_int8_0/inst/grp_lenet5_top_int8_Pipeline_copy_f6_weights_VITIS_LOOP_193_9_fu_1121/mul_ln192_reg_387_reg/P[47:0] is not pipelined (MREG=0). Pipelining the multiplier function will improve performance and will save significant power so it is suggested whenever possible to fully pipeline this function.  If this multiplier was inferred, it is suggested to describe an additional register stage after this function.  If there is no registered adder/accumulator following the multiply function, two pipeline stages are suggested to allow both the MREG and PREG registers to be used.  If the DSP48 was instantiated in the design, it is suggested to set both the MREG and PREG attributes to 1 when performing multiply functions.
Related violations: <none>

DPOP-2#5 Warning
MREG Output pipelining  
DSP lenet5_int8_i/lenet5_top_int8_0/inst/mul_31ns_32s_63_2_1_U1246/dout_reg multiplier stage lenet5_int8_i/lenet5_top_int8_0/inst/mul_31ns_32s_63_2_1_U1246/dout_reg/P[47:0] is not pipelined (MREG=0). Pipelining the multiplier function will improve performance and will save significant power so it is suggested whenever possible to fully pipeline this function.  If this multiplier was inferred, it is suggested to describe an additional register stage after this function.  If there is no registered adder/accumulator following the multiply function, two pipeline stages are suggested to allow both the MREG and PREG registers to be used.  If the DSP48 was instantiated in the design, it is suggested to set both the MREG and PREG attributes to 1 when performing multiply functions.
Related violations: <none>

DPOP-2#6 Warning
MREG Output pipelining  
DSP lenet5_int8_i/lenet5_top_int8_0/inst/mul_31ns_32s_63_2_1_U1246/dout_reg__0 multiplier stage lenet5_int8_i/lenet5_top_int8_0/inst/mul_31ns_32s_63_2_1_U1246/dout_reg__0/P[47:0] is not pipelined (MREG=0). Pipelining the multiplier function will improve performance and will save significant power so it is suggested whenever possible to fully pipeline this function.  If this multiplier was inferred, it is suggested to describe an additional register stage after this function.  If there is no registered adder/accumulator following the multiply function, two pipeline stages are suggested to allow both the MREG and PREG registers to be used.  If the DSP48 was instantiated in the design, it is suggested to set both the MREG and PREG attributes to 1 when performing multiply functions.
Related violations: <none>

DPOP-2#7 Warning
MREG Output pipelining  
DSP lenet5_int8_i/lenet5_top_int8_0/inst/mul_31ns_32s_63_2_1_U1246/tmp_product multiplier stage lenet5_int8_i/lenet5_top_int8_0/inst/mul_31ns_32s_63_2_1_U1246/tmp_product/P[47:0] is not pipelined (MREG=0). Pipelining the multiplier function will improve performance and will save significant power so it is suggested whenever possible to fully pipeline this function.  If this multiplier was inferred, it is suggested to describe an additional register stage after this function.  If there is no registered adder/accumulator following the multiply function, two pipeline stages are suggested to allow both the MREG and PREG registers to be used.  If the DSP48 was instantiated in the design, it is suggested to set both the MREG and PREG attributes to 1 when performing multiply functions.
Related violations: <none>

DPOP-2#8 Warning
MREG Output pipelining  
DSP lenet5_int8_i/lenet5_top_int8_0/inst/mul_31ns_32s_63_2_1_U1246/tmp_product__0 multiplier stage lenet5_int8_i/lenet5_top_int8_0/inst/mul_31ns_32s_63_2_1_U1246/tmp_product__0/P[47:0] is not pipelined (MREG=0). Pipelining the multiplier function will improve performance and will save significant power so it is suggested whenever possible to fully pipeline this function.  If this multiplier was inferred, it is suggested to describe an additional register stage after this function.  If there is no registered adder/accumulator following the multiply function, two pipeline stages are suggested to allow both the MREG and PREG registers to be used.  If the DSP48 was instantiated in the design, it is suggested to set both the MREG and PREG attributes to 1 when performing multiply functions.
Related violations: <none>

PDCN-1569#1 Warning
LUT equation term check  
Used physical LUT pin 'A1' of cell lenet5_int8_i/axi_mem_intercon/m00_couplers/auto_pc/inst/gen_axi4_axi3.axi3_conv_inst/USE_READ.USE_SPLIT_R.read_addr_inst/USE_R_CHANNEL.cmd_queue/inst/fifo_gen_inst/inst_fifo_gen/gconvfifo.rf/grf.rf/gntv_or_sync_fifo.gl0.rd/gr1.gr1_int.rfwft/gpregsm1.user_valid_i_1 (pin lenet5_int8_i/axi_mem_intercon/m00_couplers/auto_pc/inst/gen_axi4_axi3.axi3_conv_inst/USE_READ.USE_SPLIT_R.read_addr_inst/USE_R_CHANNEL.cmd_queue/inst/fifo_gen_inst/inst_fifo_gen/gconvfifo.rf/grf.rf/gntv_or_sync_fifo.gl0.rd/gr1.gr1_int.rfwft/gpregsm1.user_valid_i_1/I1) is not included in the LUT equation: 'O6=(A3)+((~A3)*(~A6)*A2)'. If this cell is a user instantiated LUT in the design, please remove connectivity to the pin or change the equation and/or INIT string of the LUT to prevent this issue. If the cell is inferred or IP created LUT, please regenerate the IP and/or resynthesize the design to attempt to correct the issue.
Related violations: <none>

PDCN-1569#2 Warning
LUT equation term check  
Used physical LUT pin 'A2' of cell lenet5_int8_i/axi_mem_intercon/m00_couplers/auto_pc/inst/gen_axi4_axi3.axi3_conv_inst/USE_WRITE.write_addr_inst/USE_BURSTS.cmd_queue/inst/fifo_gen_inst/inst_fifo_gen/gconvfifo.rf/grf.rf/gntv_or_sync_fifo.gl0.rd/gr1.gr1_int.rfwft/gpregsm1.user_valid_i_1 (pin lenet5_int8_i/axi_mem_intercon/m00_couplers/auto_pc/inst/gen_axi4_axi3.axi3_conv_inst/USE_WRITE.write_addr_inst/USE_BURSTS.cmd_queue/inst/fifo_gen_inst/inst_fifo_gen/gconvfifo.rf/grf.rf/gntv_or_sync_fifo.gl0.rd/gr1.gr1_int.rfwft/gpregsm1.user_valid_i_1/I1) is not included in the LUT equation: 'O6=(A5)+((~A5)*(~A4)*A1)'. If this cell is a user instantiated LUT in the design, please remove connectivity to the pin or change the equation and/or INIT string of the LUT to prevent this issue. If the cell is inferred or IP created LUT, please regenerate the IP and/or resynthesize the design to attempt to correct the issue.
Related violations: <none>

PDCN-1569#3 Warning
LUT equation term check  
Used physical LUT pin 'A3' of cell lenet5_int8_i/axi_mem_intercon/m00_couplers/auto_pc/inst/gen_axi4_axi3.axi3_conv_inst/USE_WRITE.write_addr_inst/USE_B_CHANNEL.cmd_b_queue/inst/fifo_gen_inst/inst_fifo_gen/gconvfifo.rf/grf.rf/gntv_or_sync_fifo.gl0.rd/gr1.gr1_int.rfwft/gpregsm1.user_valid_i_1 (pin lenet5_int8_i/axi_mem_intercon/m00_couplers/auto_pc/inst/gen_axi4_axi3.axi3_conv_inst/USE_WRITE.write_addr_inst/USE_B_CHANNEL.cmd_b_queue/inst/fifo_gen_inst/inst_fifo_gen/gconvfifo.rf/grf.rf/gntv_or_sync_fifo.gl0.rd/gr1.gr1_int.rfwft/gpregsm1.user_valid_i_1/I1) is not included in the LUT equation: 'O6=(A5)+((~A5)*(~A6)*A1)'. If this cell is a user instantiated LUT in the design, please remove connectivity to the pin or change the equation and/or INIT string of the LUT to prevent this issue. If the cell is inferred or IP created LUT, please regenerate the IP and/or resynthesize the design to attempt to correct the issue.
Related violations: <none>

RTSTAT-10#1 Warning
No routable loads  
33 net(s) have no routable loads. The problem bus(es) and/or net(s) are lenet5_int8_i/axi_mem_intercon/m00_couplers/auto_pc/inst/gen_axi4_axi3.axi3_conv_inst/USE_READ.USE_SPLIT_R.read_addr_inst/USE_R_CHANNEL.cmd_queue/inst/fifo_gen_inst/inst_fifo_gen/gconvfifo.rf/grf.rf/gntv_or_sync_fifo.gl0.rd/gr1.gr1_int.rfwft/aempty_fwft_i,
lenet5_int8_i/axi_mem_intercon/m00_couplers/auto_pc/inst/gen_axi4_axi3.axi3_conv_inst/USE_READ.USE_SPLIT_R.read_addr_inst/USE_R_CHANNEL.cmd_queue/inst/fifo_gen_inst/inst_fifo_gen/gconvfifo.rf/grf.rf/gntv_or_sync_fifo.gl0.wr/gwss.wsts/ram_afull_fb,
lenet5_int8_i/axi_mem_intercon/m00_couplers/auto_pc/inst/gen_axi4_axi3.axi3_conv_inst/USE_READ.USE_SPLIT_R.read_addr_inst/USE_R_CHANNEL.cmd_queue/inst/fifo_gen_inst/inst_fifo_gen/gconvfifo.rf/grf.rf/gntv_or_sync_fifo.gl0.wr/gwss.wsts/ram_afull_i,
lenet5_int8_i/axi_mem_intercon/m00_couplers/auto_pc/inst/gen_axi4_axi3.axi3_conv_inst/USE_READ.USE_SPLIT_R.read_addr_inst/USE_R_CHANNEL.cmd_queue/inst/fifo_gen_inst/inst_fifo_gen/gconvfifo.rf/grf.rf/rstblk/ngwrdrst.grst.rd_rst_reg[2:0],
lenet5_int8_i/axi_mem_intercon/m00_couplers/auto_pc/inst/gen_axi4_axi3.axi3_conv_inst/USE_READ.USE_SPLIT_R.read_addr_inst/USE_R_CHANNEL.cmd_queue/inst/fifo_gen_inst/inst_fifo_gen/gconvfifo.rf/grf.rf/rstblk/ngwrdrst.grst.wr_rst_reg[2:0],
lenet5_int8_i/axi_mem_intercon/m00_couplers/auto_pc/inst/gen_axi4_axi3.axi3_conv_inst/USE_WRITE.write_addr_inst/USE_BURSTS.cmd_queue/inst/fifo_gen_inst/inst_fifo_gen/gconvfifo.rf/grf.rf/gntv_or_sync_fifo.gl0.rd/gr1.gr1_int.rfwft/aempty_fwft_i,
lenet5_int8_i/axi_mem_intercon/m00_couplers/auto_pc/inst/gen_axi4_axi3.axi3_conv_inst/USE_WRITE.write_addr_inst/USE_BURSTS.cmd_queue/inst/fifo_gen_inst/inst_fifo_gen/gconvfifo.rf/grf.rf/gntv_or_sync_fifo.gl0.wr/gwss.wsts/ram_afull_fb,
lenet5_int8_i/axi_mem_intercon/m00_couplers/auto_pc/inst/gen_axi4_axi3.axi3_conv_inst/USE_WRITE.write_addr_inst/USE_BURSTS.cmd_queue/inst/fifo_gen_inst/inst_fifo_gen/gconvfifo.rf/grf.rf/gntv_or_sync_fifo.gl0.wr/gwss.wsts/ram_afull_i,
lenet5_int8_i/axi_mem_intercon/m00_couplers/auto_pc/inst/gen_axi4_axi3.axi3_conv_inst/USE_WRITE.write_addr_inst/USE_BURSTS.cmd_queue/inst/fifo_gen_inst/inst_fifo_gen/gconvfifo.rf/grf.rf/rstblk/ngwrdrst.grst.rd_rst_reg[2:0],
lenet5_int8_i/axi_mem_intercon/m00_couplers/auto_pc/inst/gen_axi4_axi3.axi3_conv_inst/USE_WRITE.write_addr_inst/USE_BURSTS.cmd_queue/inst/fifo_gen_inst/inst_fifo_gen/gconvfifo.rf/grf.rf/rstblk/ngwrdrst.grst.wr_rst_reg[2:0],
lenet5_int8_i/axi_mem_intercon/m00_couplers/auto_pc/inst/gen_axi4_axi3.axi3_conv_inst/USE_WRITE.write_addr_inst/USE_B_CHANNEL.cmd_b_queue/inst/fifo_gen_inst/inst_fifo_gen/gconvfifo.rf/grf.rf/gntv_or_sync_fifo.gl0.rd/gr1.gr1_int.rfwft/aempty_fwft_i,
lenet5_int8_i/axi_mem_intercon/m00_couplers/auto_pc/inst/gen_axi4_axi3.axi3_conv_inst/USE_WRITE.write_addr_inst/USE_B_CHANNEL.cmd_b_queue/inst/fifo_gen_inst/inst_fifo_gen/gconvfifo.rf/grf.rf/gntv_or_sync_fifo.gl0.wr/gwss.wsts/ram_afull_fb,
lenet5_int8_i/axi_mem_intercon/m00_couplers/auto_pc/inst/gen_axi4_axi3.axi3_conv_inst/USE_WRITE.write_addr_inst/USE_B_CHANNEL.cmd_b_queue/inst/fifo_gen_inst/inst_fifo_gen/gconvfifo.rf/grf.rf/gntv_or_sync_fifo.gl0.wr/gwss.wsts/ram_afull_i,
lenet5_int8_i/axi_mem_intercon/m00_couplers/auto_pc/inst/gen_axi4_axi3.axi3_conv_inst/USE_WRITE.write_addr_inst/USE_B_CHANNEL.cmd_b_queue/inst/fifo_gen_inst/inst_fifo_gen/gconvfifo.rf/grf.rf/rstblk/ngwrdrst.grst.rd_rst_reg[2:0],
lenet5_int8_i/axi_mem_intercon/m00_couplers/auto_pc/inst/gen_axi4_axi3.axi3_conv_inst/USE_WRITE.write_addr_inst/USE_B_CHANNEL.cmd_b_queue/inst/fifo_gen_inst/inst_fifo_gen/gconvfifo.rf/grf.rf/rstblk/ngwrdrst.grst.wr_rst_reg[2:0]
 (the first 15 of 21 listed nets/buses).
Related violations: <none>

AVAL-4#1 Advisory
enum_USE_DPORT_FALSE_enum_DREG_ADREG_0_connects_CED_CEAD_RSTD_GND  
lenet5_int8_i/lenet5_top_int8_0/inst/grp_dense_output_int8_fu_1945/fmul_32ns_32ns_32_4_max_dsp_1_U1232/lenet5_top_int8_fmul_32ns_32ns_32_4_max_dsp_1_ip_u/inst/i_synth/MULT.OP/i_non_prim.MULT/DSP48E1_SPD_SGL_VARIANT.FIX_MULT/DSP1/i_no_versal_es1_workaround.DSP: DSP48E1 is not using the D port (USE_DPORT = FALSE). For improved power characteristics, set DREG and ADREG to '1', tie CED, CEAD, and RSTD to logic '0'.
Related violations: <none>

AVAL-4#2 Advisory
enum_USE_DPORT_FALSE_enum_DREG_ADREG_0_connects_CED_CEAD_RSTD_GND  
lenet5_int8_i/lenet5_top_int8_0/inst/grp_dense_output_int8_fu_1945/fmul_32ns_32ns_32_4_max_dsp_1_U1232/lenet5_top_int8_fmul_32ns_32ns_32_4_max_dsp_1_ip_u/inst/i_synth/MULT.OP/i_non_prim.MULT/DSP48E1_SPD_SGL_VARIANT.FIX_MULT/DSP2/i_no_versal_es1_workaround.DSP: DSP48E1 is not using the D port (USE_DPORT = FALSE). For improved power characteristics, set DREG and ADREG to '1', tie CED, CEAD, and RSTD to logic '0'.
Related violations: <none>

AVAL-4#3 Advisory
enum_USE_DPORT_FALSE_enum_DREG_ADREG_0_connects_CED_CEAD_RSTD_GND  
lenet5_int8_i/lenet5_top_int8_0/inst/grp_dense_output_int8_fu_1945/fmul_32ns_32ns_32_4_max_dsp_1_U1232/lenet5_top_int8_fmul_32ns_32ns_32_4_max_dsp_1_ip_u/inst/i_synth/MULT.OP/i_non_prim.R_AND_R/LAT_OPT.FULL.R_AND_R/DSP48E1_SGL_EXP_IP.OLD_ADD.ADD/i_no_versal_es1_workaround.DSP: DSP48E1 is not using the D port (USE_DPORT = FALSE). For improved power characteristics, set DREG and ADREG to '1', tie CED, CEAD, and RSTD to logic '0'.
Related violations: <none>

AVAL-4#4 Advisory
enum_USE_DPORT_FALSE_enum_DREG_ADREG_0_connects_CED_CEAD_RSTD_GND  
lenet5_int8_i/lenet5_top_int8_0/inst/grp_dense_output_int8_fu_1945/grp_dense_output_int8_Pipeline_VITIS_LOOP_65_8_fu_169/faddfsub_32ns_32ns_32_5_full_dsp_1_U1219/lenet5_top_int8_faddfsub_32ns_32ns_32_5_full_dsp_1_ip_u/inst/i_synth/ADDSUB_OP.ADDSUB/DSP.OP/DSP48E1_BODY.NORM_RND/FULL_USAGE_DSP.SHIFT_RND/i_no_versal_es1_workaround.DSP: DSP48E1 is not using the D port (USE_DPORT = FALSE). For improved power characteristics, set DREG and ADREG to '1', tie CED, CEAD, and RSTD to logic '0'.
Related violations: <none>

AVAL-4#5 Advisory
enum_USE_DPORT_FALSE_enum_DREG_ADREG_0_connects_CED_CEAD_RSTD_GND  
lenet5_int8_i/lenet5_top_int8_0/inst/grp_dense_output_int8_fu_1945/grp_dense_output_int8_Pipeline_VITIS_LOOP_65_8_fu_169/fexp_32ns_32ns_32_10_full_dsp_1_U1220/lenet5_top_int8_fexp_32ns_32ns_32_10_full_dsp_1_ip_u/inst/i_synth/EXP_OP.i_sp_or_dp.OP/i_calculate_Xf/dsp.one.dsp48e1_add/i_no_versal_es1_workaround.DSP: DSP48E1 is not using the D port (USE_DPORT = FALSE). For improved power characteristics, set DREG and ADREG to '1', tie CED, CEAD, and RSTD to logic '0'.
Related violations: <none>

AVAL-4#6 Advisory
enum_USE_DPORT_FALSE_enum_DREG_ADREG_0_connects_CED_CEAD_RSTD_GND  
lenet5_int8_i/lenet5_top_int8_0/inst/grp_dense_output_int8_fu_1945/grp_dense_output_int8_Pipeline_VITIS_LOOP_65_8_fu_169/fexp_32ns_32ns_32_10_full_dsp_1_U1220/lenet5_top_int8_fexp_32ns_32ns_32_10_full_dsp_1_ip_u/inst/i_synth/EXP_OP.i_sp_or_dp.OP/i_ccm_ln2/g_tables[0].i_addsub/dsp.one.dsp48e1_add/i_no_versal_es1_workaround.DSP: DSP48E1 is not using the D port (USE_DPORT = FALSE). For improved power characteristics, set DREG and ADREG to '1', tie CED, CEAD, and RSTD to logic '0'.
Related violations: <none>

AVAL-4#7 Advisory
enum_USE_DPORT_FALSE_enum_DREG_ADREG_0_connects_CED_CEAD_RSTD_GND  
lenet5_int8_i/lenet5_top_int8_0/inst/grp_dense_output_int8_fu_1945/grp_dense_output_int8_Pipeline_VITIS_LOOP_65_8_fu_169/fexp_32ns_32ns_32_10_full_dsp_1_U1220/lenet5_top_int8_fexp_32ns_32ns_32_10_full_dsp_1_ip_u/inst/i_synth/EXP_OP.i_sp_or_dp.OP/i_ccm_ln2/g_tables[1].i_addsub/dsp.one.dsp48e1_add/i_no_versal_es1_workaround.DSP: DSP48E1 is not using the D port (USE_DPORT = FALSE). For improved power characteristics, set DREG and ADREG to '1', tie CED, CEAD, and RSTD to logic '0'.
Related violations: <none>

AVAL-4#8 Advisory
enum_USE_DPORT_FALSE_enum_DREG_ADREG_0_connects_CED_CEAD_RSTD_GND  
lenet5_int8_i/lenet5_top_int8_0/inst/grp_dense_output_int8_fu_1945/grp_dense_output_int8_Pipeline_VITIS_LOOP_65_8_fu_169/fexp_32ns_32ns_32_10_full_dsp_1_U1220/lenet5_top_int8_fexp_32ns_32ns_32_10_full_dsp_1_ip_u/inst/i_synth/EXP_OP.i_sp_or_dp.OP/i_ccm_recip_ln2/g_tables[0].i_addsub/dsp.one.dsp48e1_add/i_no_versal_es1_workaround.DSP: DSP48E1 is not using the D port (USE_DPORT = FALSE). For improved power characteristics, set DREG and ADREG to '1', tie CED, CEAD, and RSTD to logic '0'.
Related violations: <none>

AVAL-4#9 Advisory
enum_USE_DPORT_FALSE_enum_DREG_ADREG_0_connects_CED_CEAD_RSTD_GND  
lenet5_int8_i/lenet5_top_int8_0/inst/grp_dense_output_int8_fu_1945/grp_dense_output_int8_Pipeline_VITIS_LOOP_65_8_fu_169/fexp_32ns_32ns_32_10_full_dsp_1_U1220/lenet5_top_int8_fexp_32ns_32ns_32_10_full_dsp_1_ip_u/inst/i_synth/EXP_OP.i_sp_or_dp.OP/i_ccm_recip_ln2/g_tables[1].i_addsub/dsp.one.dsp48e1_add/i_no_versal_es1_workaround.DSP: DSP48E1 is not using the D port (USE_DPORT = FALSE). For improved power characteristics, set DREG and ADREG to '1', tie CED, CEAD, and RSTD to logic '0'.
Related violations: <none>

AVAL-4#10 Advisory
enum_USE_DPORT_FALSE_enum_DREG_ADREG_0_connects_CED_CEAD_RSTD_GND  
lenet5_int8_i/lenet5_top_int8_0/inst/grp_dense_output_int8_fu_1945/grp_dense_output_int8_Pipeline_VITIS_LOOP_65_8_fu_169/fexp_32ns_32ns_32_10_full_dsp_1_U1220/lenet5_top_int8_fexp_32ns_32ns_32_10_full_dsp_1_ip_u/inst/i_synth/EXP_OP.i_sp_or_dp.OP/i_renorm_and_round/DSP48_E1.DSP48E1_ADD.DSP48E1_ADD/i_no_versal_es1_workaround.DSP: DSP48E1 is not using the D port (USE_DPORT = FALSE). For improved power characteristics, set DREG and ADREG to '1', tie CED, CEAD, and RSTD to logic '0'.
Related violations: <none>

AVAL-5#1 Advisory
enum_USE_MULT_NONE_enum_DREG_ADREG_0_connects_CED_CEAD_RSTD_GND  
lenet5_int8_i/lenet5_top_int8_0/inst/grp_dense_output_int8_fu_1945/fmul_32ns_32ns_32_4_max_dsp_1_U1232/lenet5_top_int8_fmul_32ns_32ns_32_4_max_dsp_1_ip_u/inst/i_synth/MULT.OP/i_non_prim.R_AND_R/LAT_OPT.FULL.R_AND_R/DSP48E1_SGL_EXP_IP.OLD_ADD.ADD/i_no_versal_es1_workaround.DSP: DSP48E1 is not using the Multiplier (USE_MULT = NONE). For improved power characteristics, set DREG and ADREG to '1', tie CED, CEAD, and RSTD to logic '0'.
Related violations: <none>

AVAL-5#2 Advisory
enum_USE_MULT_NONE_enum_DREG_ADREG_0_connects_CED_CEAD_RSTD_GND  
lenet5_int8_i/lenet5_top_int8_0/inst/grp_dense_output_int8_fu_1945/grp_dense_output_int8_Pipeline_VITIS_LOOP_65_8_fu_169/fexp_32ns_32ns_32_10_full_dsp_1_U1220/lenet5_top_int8_fexp_32ns_32ns_32_10_full_dsp_1_ip_u/inst/i_synth/EXP_OP.i_sp_or_dp.OP/i_calculate_Xf/dsp.one.dsp48e1_add/i_no_versal_es1_workaround.DSP: DSP48E1 is not using the Multiplier (USE_MULT = NONE). For improved power characteristics, set DREG and ADREG to '1', tie CED, CEAD, and RSTD to logic '0'.
Related violations: <none>

AVAL-5#3 Advisory
enum_USE_MULT_NONE_enum_DREG_ADREG_0_connects_CED_CEAD_RSTD_GND  
lenet5_int8_i/lenet5_top_int8_0/inst/grp_dense_output_int8_fu_1945/grp_dense_output_int8_Pipeline_VITIS_LOOP_65_8_fu_169/fexp_32ns_32ns_32_10_full_dsp_1_U1220/lenet5_top_int8_fexp_32ns_32ns_32_10_full_dsp_1_ip_u/inst/i_synth/EXP_OP.i_sp_or_dp.OP/i_ccm_ln2/g_tables[0].i_addsub/dsp.one.dsp48e1_add/i_no_versal_es1_workaround.DSP: DSP48E1 is not using the Multiplier (USE_MULT = NONE). For improved power characteristics, set DREG and ADREG to '1', tie CED, CEAD, and RSTD to logic '0'.
Related violations: <none>

AVAL-5#4 Advisory
enum_USE_MULT_NONE_enum_DREG_ADREG_0_connects_CED_CEAD_RSTD_GND  
lenet5_int8_i/lenet5_top_int8_0/inst/grp_dense_output_int8_fu_1945/grp_dense_output_int8_Pipeline_VITIS_LOOP_65_8_fu_169/fexp_32ns_32ns_32_10_full_dsp_1_U1220/lenet5_top_int8_fexp_32ns_32ns_32_10_full_dsp_1_ip_u/inst/i_synth/EXP_OP.i_sp_or_dp.OP/i_ccm_ln2/g_tables[1].i_addsub/dsp.one.dsp48e1_add/i_no_versal_es1_workaround.DSP: DSP48E1 is not using the Multiplier (USE_MULT = NONE). For improved power characteristics, set DREG and ADREG to '1', tie CED, CEAD, and RSTD to logic '0'.
Related violations: <none>

AVAL-5#5 Advisory
enum_USE_MULT_NONE_enum_DREG_ADREG_0_connects_CED_CEAD_RSTD_GND  
lenet5_int8_i/lenet5_top_int8_0/inst/grp_dense_output_int8_fu_1945/grp_dense_output_int8_Pipeline_VITIS_LOOP_65_8_fu_169/fexp_32ns_32ns_32_10_full_dsp_1_U1220/lenet5_top_int8_fexp_32ns_32ns_32_10_full_dsp_1_ip_u/inst/i_synth/EXP_OP.i_sp_or_dp.OP/i_ccm_recip_ln2/g_tables[0].i_addsub/dsp.one.dsp48e1_add/i_no_versal_es1_workaround.DSP: DSP48E1 is not using the Multiplier (USE_MULT = NONE). For improved power characteristics, set DREG and ADREG to '1', tie CED, CEAD, and RSTD to logic '0'.
Related violations: <none>

AVAL-5#6 Advisory
enum_USE_MULT_NONE_enum_DREG_ADREG_0_connects_CED_CEAD_RSTD_GND  
lenet5_int8_i/lenet5_top_int8_0/inst/grp_dense_output_int8_fu_1945/grp_dense_output_int8_Pipeline_VITIS_LOOP_65_8_fu_169/fexp_32ns_32ns_32_10_full_dsp_1_U1220/lenet5_top_int8_fexp_32ns_32ns_32_10_full_dsp_1_ip_u/inst/i_synth/EXP_OP.i_sp_or_dp.OP/i_ccm_recip_ln2/g_tables[1].i_addsub/dsp.one.dsp48e1_add/i_no_versal_es1_workaround.DSP: DSP48E1 is not using the Multiplier (USE_MULT = NONE). For improved power characteristics, set DREG and ADREG to '1', tie CED, CEAD, and RSTD to logic '0'.
Related violations: <none>

AVAL-5#7 Advisory
enum_USE_MULT_NONE_enum_DREG_ADREG_0_connects_CED_CEAD_RSTD_GND  
lenet5_int8_i/lenet5_top_int8_0/inst/grp_dense_output_int8_fu_1945/grp_dense_output_int8_Pipeline_VITIS_LOOP_65_8_fu_169/fexp_32ns_32ns_32_10_full_dsp_1_U1220/lenet5_top_int8_fexp_32ns_32ns_32_10_full_dsp_1_ip_u/inst/i_synth/EXP_OP.i_sp_or_dp.OP/i_renorm_and_round/DSP48_E1.DSP48E1_ADD.DSP48E1_ADD/i_no_versal_es1_workaround.DSP: DSP48E1 is not using the Multiplier (USE_MULT = NONE). For improved power characteristics, set DREG and ADREG to '1', tie CED, CEAD, and RSTD to logic '0'.
Related violations: <none>

REQP-1725#1 Advisory
DSP_Abus_sign_bit_alert  
lenet5_int8_i/lenet5_top_int8_0/inst/grp_dense_output_int8_fu_1945/grp_dense_output_int8_Pipeline_VITIS_LOOP_65_8_fu_169/faddfsub_32ns_32ns_32_5_full_dsp_1_U1219/lenet5_top_int8_faddfsub_32ns_32ns_32_5_full_dsp_1_ip_u/inst/i_synth/ADDSUB_OP.ADDSUB/DSP.OP/DSP48E1_BODY.ALIGN_ADD/DSP2/i_no_versal_es1_workaround.DSP: When using the PreAdder and USE_DPORT is TRUE, the A operand should be restricted to 24 bit two's complement (and sign extended) to avoid over/underflow in the pre-add stage.
Related violations: <none>


